// Jest Snapshot v1, https://goo.gl/fbAQLP

exports[`Nav should match the snapshot 1`] = `
<nav
  className="main-nav"
>
  <h1
    className="nav-title"
  >
    <span
      aria-label="icon"
      role="img"
    >
      â˜†
    </span>
    JOKE
    <span>
      STAR
    </span>
  </h1>
  <NavLink
    className="nav-login-button"
    to="/"
  >
    Logout
  </NavLink>
</nav>
`;
