// Jest Snapshot v1, https://goo.gl/fbAQLP

exports[`Joke should match the snapshot 1`] = `
<article
  className="joke-wrapper"
>
  <h3
    className="joke-setup"
  >
    how much does a polarbear weigh?
  </h3>
  <p
    className="joke-punchline"
  >
    enough to bresk the ice
  </p>
</article>
`;
