// Jest Snapshot v1, https://goo.gl/fbAQLP

exports[`App should match the snapshot 1`] = `
<main
  className="main-app"
>
  <Connect(Nav)
    logoutUser={[Function]}
  />
  <Route
    exact={true}
    path="/"
  >
    <Connect(LandingPage) />
  </Route>
  <Route
    exact={true}
    path="/main-page"
    render={[Function]}
  />
  <Route
    exact={true}
    path="/login"
    render={[Function]}
  />
</main>
`;
